// Jest Snapshot v1, https://goo.gl/fbAQLP

exports[`Mining Maps should match the snapshot 1`] = `
<body>
  <div>
    <div
      class="makeStyles-root-1"
    >
      <h3
        class="MuiTypography-root MuiTypography-h3"
      >
        Mining Maps
      </h3>
      <h6
        class="MuiTypography-root MuiTypography-subtitle1"
      >
        Compiled by Luisqa
      </h6>
      <div
        class="MuiPaper-root MuiTableContainer-root MuiPaper-elevation1 MuiPaper-rounded"
      >
        <table
          class="MuiTable-root"
        >
          <thead
            class="MuiTableHead-root"
          >
            <tr
              class="MuiTableRow-root MuiTableRow-head"
            >
              <th
                class="MuiTableCell-root MuiTableCell-head"
                scope="col"
              >
                System
              </th>
              <th
                class="MuiTableCell-root MuiTableCell-head"
                scope="col"
              >
                Body
              </th>
              <th
                class="MuiTableCell-root MuiTableCell-head"
                scope="col"
              >
                Material
              </th>
              <th
                class="MuiTableCell-root MuiTableCell-head"
                scope="col"
              >
                Mining Type
              </th>
              <th
                class="MuiTableCell-root MuiTableCell-head"
                scope="col"
              >
                Rez Overlap
              </th>
              <th
                class="MuiTableCell-root MuiTableCell-head"
                scope="col"
              >
                Link
              </th>
            </tr>
          </thead>
          <tbody
            class="MuiTableBody-root"
          >
            <tr
              class="MuiTableRow-root"
            >
              <td
                class="MuiTableCell-root MuiTableCell-body"
              >
                Col 285 Sector KM-V d2-106
                 
                <button
                  class="MuiButtonBase-root MuiIconButton-root MuiIconButton-colorSecondary MuiIconButton-sizeSmall"
                  tabindex="0"
                  type="button"
                >
                  <span
                    class="MuiIconButton-label"
                  >
                    <svg
                      aria-hidden="true"
                      class="MuiSvgIcon-root"
                      focusable="false"
                      viewBox="0 0 24 24"
                    >
                      <path
                        d="M16 1H4c-1.1 0-2 .9-2 2v14h2V3h12V1zm-1 4l6 6v10c0 1.1-.9 2-2 2H7.99C6.89 23 6 22.1 6 21l.01-14c0-1.1.89-2 1.99-2h7zm-1 7h5.5L14 6.5V12z"
                      />
                    </svg>
                  </span>
                  <span
                    class="MuiTouchRipple-root"
                  />
                </button>
              </td>
              <td
                class="MuiTableCell-root MuiTableCell-body"
              >
                5 Ring A
              </td>
              <td
                class="MuiTableCell-root MuiTableCell-body"
              >
                <a
                  class="MuiTypography-root MuiLink-root MuiLink-underlineHover MuiTypography-colorPrimary"
                  href="https://inara.cz/galaxy-commodity/81"
                  target="_blank"
                >
                  Platinum
                </a>
              </td>
              <td
                class="MuiTableCell-root MuiTableCell-body"
              >
                Surface Laser
              </td>
              <td
                class="MuiTableCell-root MuiTableCell-body"
              />
              <td
                class="MuiTableCell-root MuiTableCell-body"
              >
                <a
                  aria-disabled="false"
                  class="MuiButtonBase-root MuiButton-root MuiButton-contained MuiButton-containedPrimary"
                  href="https://docs.google.com/document/d/1IQ_izr_kqtKkEUWrVkVjdKoDq3cHw7NZyaZZRY5p60s/edit"
                  tabindex="0"
                  target="_blank"
                >
                  <span
                    class="MuiButton-label"
                  >
                    Open Map
                  </span>
                  <span
                    class="MuiTouchRipple-root"
                  />
                </a>
              </td>
            </tr>
            <tr
              class="MuiTableRow-root"
            >
              <td
                class="MuiTableCell-root MuiTableCell-body"
              >
                HIP 21991
                 
                <button
                  class="MuiButtonBase-root MuiIconButton-root MuiIconButton-colorSecondary MuiIconButton-sizeSmall"
                  tabindex="0"
                  type="button"
                >
                  <span
                    class="MuiIconButton-label"
                  >
                    <svg
                      aria-hidden="true"
                      class="MuiSvgIcon-root"
                      focusable="false"
                      viewBox="0 0 24 24"
                    >
                      <path
                        d="M16 1H4c-1.1 0-2 .9-2 2v14h2V3h12V1zm-1 4l6 6v10c0 1.1-.9 2-2 2H7.99C6.89 23 6 22.1 6 21l.01-14c0-1.1.89-2 1.99-2h7zm-1 7h5.5L14 6.5V12z"
                      />
                    </svg>
                  </span>
                  <span
                    class="MuiTouchRipple-root"
                  />
                </button>
              </td>
              <td
                class="MuiTableCell-root MuiTableCell-body"
              >
                2
              </td>
              <td
                class="MuiTableCell-root MuiTableCell-body"
              >
                <a
                  class="MuiTypography-root MuiLink-root MuiLink-underlineHover MuiTypography-colorPrimary"
                  href="https://inara.cz/galaxy-commodity/84"
                  target="_blank"
                >
                  Painite
                </a>
              </td>
              <td
                class="MuiTableCell-root MuiTableCell-body"
              >
                Surface Laser
              </td>
              <td
                class="MuiTableCell-root MuiTableCell-body"
              >
                High
              </td>
              <td
                class="MuiTableCell-root MuiTableCell-body"
              >
                <a
                  aria-disabled="false"
                  class="MuiButtonBase-root MuiButton-root MuiButton-contained MuiButton-containedPrimary"
                  href="https://docs.google.com/document/d/1CqLij-LZ4Yog_nkE2hVGBUll951RBHLXdj5lt57l2yc/edit"
                  tabindex="0"
                  target="_blank"
                >
                  <span
                    class="MuiButton-label"
                  >
                    Open Map
                  </span>
                  <span
                    class="MuiTouchRipple-root"
                  />
                </a>
              </td>
            </tr>
            <tr
              class="MuiTableRow-root"
            >
              <td
                class="MuiTableCell-root MuiTableCell-body"
              >
                HIP 35219
                 
                <button
                  class="MuiButtonBase-root MuiIconButton-root MuiIconButton-colorSecondary MuiIconButton-sizeSmall"
                  tabindex="0"
                  type="button"
                >
                  <span
                    class="MuiIconButton-label"
                  >
                    <svg
                      aria-hidden="true"
                      class="MuiSvgIcon-root"
                      focusable="false"
                      viewBox="0 0 24 24"
                    >
                      <path
                        d="M16 1H4c-1.1 0-2 .9-2 2v14h2V3h12V1zm-1 4l6 6v10c0 1.1-.9 2-2 2H7.99C6.89 23 6 22.1 6 21l.01-14c0-1.1.89-2 1.99-2h7zm-1 7h5.5L14 6.5V12z"
                      />
                    </svg>
                  </span>
                  <span
                    class="MuiTouchRipple-root"
                  />
                </button>
              </td>
              <td
                class="MuiTableCell-root MuiTableCell-body"
              >
                2
              </td>
              <td
                class="MuiTableCell-root MuiTableCell-body"
              >
                <a
                  class="MuiTypography-root MuiLink-root MuiLink-underlineHover MuiTypography-colorPrimary"
                  href="https://inara.cz/galaxy-commodity/84"
                  target="_blank"
                >
                  Painite
                </a>
              </td>
              <td
                class="MuiTableCell-root MuiTableCell-body"
              >
                Surface Laser
              </td>
              <td
                class="MuiTableCell-root MuiTableCell-body"
              >
                Hazardous
              </td>
              <td
                class="MuiTableCell-root MuiTableCell-body"
              >
                <a
                  aria-disabled="false"
                  class="MuiButtonBase-root MuiButton-root MuiButton-contained MuiButton-containedPrimary"
                  href="https://docs.google.com/document/d/1DmJwuwOQYuLB8_-KZSfqwaKmU7aDv0ZR6Mhmmaiz2ag/edit"
                  tabindex="0"
                  target="_blank"
                >
                  <span
                    class="MuiButton-label"
                  >
                    Open Map
                  </span>
                  <span
                    class="MuiTouchRipple-root"
                  />
                </a>
              </td>
            </tr>
            <tr
              class="MuiTableRow-root"
            >
              <td
                class="MuiTableCell-root MuiTableCell-body"
              >
                HIP 60953
                 
                <button
                  class="MuiButtonBase-root MuiIconButton-root MuiIconButton-colorSecondary MuiIconButton-sizeSmall"
                  tabindex="0"
                  type="button"
                >
                  <span
                    class="MuiIconButton-label"
                  >
                    <svg
                      aria-hidden="true"
                      class="MuiSvgIcon-root"
                      focusable="false"
                      viewBox="0 0 24 24"
                    >
                      <path
                        d="M16 1H4c-1.1 0-2 .9-2 2v14h2V3h12V1zm-1 4l6 6v10c0 1.1-.9 2-2 2H7.99C6.89 23 6 22.1 6 21l.01-14c0-1.1.89-2 1.99-2h7zm-1 7h5.5L14 6.5V12z"
                      />
                    </svg>
                  </span>
                  <span
                    class="MuiTouchRipple-root"
                  />
                </button>
              </td>
              <td
                class="MuiTableCell-root MuiTableCell-body"
              >
                ABC 8
              </td>
              <td
                class="MuiTableCell-root MuiTableCell-body"
              >
                <a
                  class="MuiTypography-root MuiLink-root MuiLink-underlineHover MuiTypography-colorPrimary"
                  href="https://inara.cz/galaxy-commodity/84"
                  target="_blank"
                >
                  Painite
                </a>
              </td>
              <td
                class="MuiTableCell-root MuiTableCell-body"
              >
                Surface Laser
              </td>
              <td
                class="MuiTableCell-root MuiTableCell-body"
              >
                Hazardous
              </td>
              <td
                class="MuiTableCell-root MuiTableCell-body"
              >
                <a
                  aria-disabled="false"
                  class="MuiButtonBase-root MuiButton-root MuiButton-contained MuiButton-containedPrimary"
                  href="https://imgur.com/gallery/VJuICjZ"
                  tabindex="0"
                  target="_blank"
                >
                  <span
                    class="MuiButton-label"
                  >
                    Open Map
                  </span>
                  <span
                    class="MuiTouchRipple-root"
                  />
                </a>
              </td>
            </tr>
            <tr
              class="MuiTableRow-root"
            >
              <td
                class="MuiTableCell-root MuiTableCell-body"
              >
                Hyades Sector DB-X d1-112
                 
                <button
                  class="MuiButtonBase-root MuiIconButton-root MuiIconButton-colorSecondary MuiIconButton-sizeSmall"
                  tabindex="0"
                  type="button"
                >
                  <span
                    class="MuiIconButton-label"
                  >
                    <svg
                      aria-hidden="true"
                      class="MuiSvgIcon-root"
                      focusable="false"
                      viewBox="0 0 24 24"
                    >
                      <path
                        d="M16 1H4c-1.1 0-2 .9-2 2v14h2V3h12V1zm-1 4l6 6v10c0 1.1-.9 2-2 2H7.99C6.89 23 6 22.1 6 21l.01-14c0-1.1.89-2 1.99-2h7zm-1 7h5.5L14 6.5V12z"
                      />
                    </svg>
                  </span>
                  <span
                    class="MuiTouchRipple-root"
                  />
                </button>
              </td>
              <td
                class="MuiTableCell-root MuiTableCell-body"
              >
                2 Ring A
              </td>
              <td
                class="MuiTableCell-root MuiTableCell-body"
              >
                <a
                  class="MuiTypography-root MuiLink-root MuiLink-underlineHover MuiTypography-colorPrimary"
                  href="https://inara.cz/galaxy-commodity/84"
                  target="_blank"
                >
                  Painite
                </a>
              </td>
              <td
                class="MuiTableCell-root MuiTableCell-body"
              >
                Surface Laser
              </td>
              <td
                class="MuiTableCell-root MuiTableCell-body"
              />
              <td
                class="MuiTableCell-root MuiTableCell-body"
              >
                <a
                  aria-disabled="false"
                  class="MuiButtonBase-root MuiButton-root MuiButton-contained MuiButton-containedPrimary"
                  href="https://docs.google.com/document/d/1cuy00PplPzpd0mgJoZE7O1nQiprTXgz8zf0PGoLn0Cs/edit"
                  tabindex="0"
                  target="_blank"
                >
                  <span
                    class="MuiButton-label"
                  >
                    Open Map
                  </span>
                  <span
                    class="MuiTouchRipple-root"
                  />
                </a>
              </td>
            </tr>
            <tr
              class="MuiTableRow-root"
            >
              <td
                class="MuiTableCell-root MuiTableCell-body"
              >
                Lalande 34968
                 
                <button
                  class="MuiButtonBase-root MuiIconButton-root MuiIconButton-colorSecondary MuiIconButton-sizeSmall"
                  tabindex="0"
                  type="button"
                >
                  <span
                    class="MuiIconButton-label"
                  >
                    <svg
                      aria-hidden="true"
                      class="MuiSvgIcon-root"
                      focusable="false"
                      viewBox="0 0 24 24"
                    >
                      <path
                        d="M16 1H4c-1.1 0-2 .9-2 2v14h2V3h12V1zm-1 4l6 6v10c0 1.1-.9 2-2 2H7.99C6.89 23 6 22.1 6 21l.01-14c0-1.1.89-2 1.99-2h7zm-1 7h5.5L14 6.5V12z"
                      />
                    </svg>
                  </span>
                  <span
                    class="MuiTouchRipple-root"
                  />
                </button>
              </td>
              <td
                class="MuiTableCell-root MuiTableCell-body"
              >
                AB 8
              </td>
              <td
                class="MuiTableCell-root MuiTableCell-body"
              >
                <a
                  class="MuiTypography-root MuiLink-root MuiLink-underlineHover MuiTypography-colorPrimary"
                  href="https://inara.cz/galaxy-commodity/81"
                  target="_blank"
                >
                  Platinum
                </a>
              </td>
              <td
                class="MuiTableCell-root MuiTableCell-body"
              >
                Surface Laser
              </td>
              <td
                class="MuiTableCell-root MuiTableCell-body"
              >
                Hazardous
              </td>
              <td
                class="MuiTableCell-root MuiTableCell-body"
              >
                <a
                  aria-disabled="false"
                  class="MuiButtonBase-root MuiButton-root MuiButton-contained MuiButton-containedPrimary"
                  href="https://docs.google.com/document/d/1okp9xLc_TsSleibSONaK1q8oGXxMMUm4wJmRm2ZbyPM/edit"
                  tabindex="0"
                  target="_blank"
                >
                  <span
                    class="MuiButton-label"
                  >
                    Open Map
                  </span>
                  <span
                    class="MuiTouchRipple-root"
                  />
                </a>
              </td>
            </tr>
          </tbody>
        </table>
      </div>
    </div>
  </div>
</body>
`;
