// Jest Snapshot v1, https://goo.gl/fbAQLP

exports[`Ship Reviews should match the snapshot 1`] = `
<body>
  <div>
    <div
      class="makeStyles-table-1"
    >
      <h3
        class="MuiTypography-root MuiTypography-h3"
      >
        Ship Reviews
      </h3>
      <div
        class="MuiPaper-root MuiTableContainer-root MuiPaper-elevation1 MuiPaper-rounded"
      >
        <table
          class="MuiTable-root makeStyles-table-1"
        >
          <thead
            class="MuiTableHead-root"
          >
            <tr
              class="MuiTableRow-root MuiTableRow-head"
            >
              <th
                class="MuiTableCell-root MuiTableCell-head"
                scope="col"
              >
                Ship
              </th>
              <th
                class="MuiTableCell-root MuiTableCell-head"
                scope="col"
              >
                Manufacture
              </th>
              <th
                class="MuiTableCell-root MuiTableCell-head"
                scope="col"
              >
                Review Link
              </th>
            </tr>
          </thead>
          <tbody
            class="MuiTableBody-root"
          >
            <tr
              class="MuiTableRow-root"
            >
              <td
                class="MuiTableCell-root MuiTableCell-body"
              >
                Adder
              </td>
              <td
                class="MuiTableCell-root MuiTableCell-body"
              >
                Zorgon Peterson
              </td>
              <td
                class="MuiTableCell-root MuiTableCell-body"
              >
                <a
                  aria-disabled="false"
                  class="MuiButtonBase-root MuiButton-root MuiButton-contained MuiButton-containedSecondary"
                  href="https://www.youtube.com/watch?v=M8xBafT4cSA"
                  tabindex="0"
                  target="_blank"
                >
                  <span
                    class="MuiButton-label"
                  >
                    Pilot Review
                  </span>
                  <span
                    class="MuiTouchRipple-root"
                  />
                </a>
              </td>
            </tr>
            <tr
              class="MuiTableRow-root"
            >
              <td
                class="MuiTableCell-root MuiTableCell-body"
              >
                Alliance Challenger
              </td>
              <td
                class="MuiTableCell-root MuiTableCell-body"
              >
                Lakon Spaceway
              </td>
              <td
                class="MuiTableCell-root MuiTableCell-body"
              >
                <a
                  aria-disabled="false"
                  class="MuiButtonBase-root MuiButton-root MuiButton-contained MuiButton-containedSecondary"
                  href="https://www.youtube.com/watch?v=wknziF5OusI"
                  tabindex="0"
                  target="_blank"
                >
                  <span
                    class="MuiButton-label"
                  >
                    Pilot Review
                  </span>
                  <span
                    class="MuiTouchRipple-root"
                  />
                </a>
              </td>
            </tr>
            <tr
              class="MuiTableRow-root"
            >
              <td
                class="MuiTableCell-root MuiTableCell-body"
              >
                Alliance Chieftain
              </td>
              <td
                class="MuiTableCell-root MuiTableCell-body"
              >
                Lakon Spaceway
              </td>
              <td
                class="MuiTableCell-root MuiTableCell-body"
              >
                <a
                  aria-disabled="false"
                  class="MuiButtonBase-root MuiButton-root MuiButton-contained MuiButton-containedSecondary"
                  href="https://www.youtube.com/watch?v=bx8w0J2HcuA"
                  tabindex="0"
                  target="_blank"
                >
                  <span
                    class="MuiButton-label"
                  >
                    Pilot Review
                  </span>
                  <span
                    class="MuiTouchRipple-root"
                  />
                </a>
              </td>
            </tr>
            <tr
              class="MuiTableRow-root"
            >
              <td
                class="MuiTableCell-root MuiTableCell-body"
              >
                Alliance Crusader
              </td>
              <td
                class="MuiTableCell-root MuiTableCell-body"
              >
                Lakon Spaceway
              </td>
              <td
                class="MuiTableCell-root MuiTableCell-body"
              >
                <a
                  aria-disabled="false"
                  class="MuiButtonBase-root MuiButton-root MuiButton-contained MuiButton-containedSecondary"
                  href="https://www.youtube.com/watch?v=oireiRh9KR8"
                  tabindex="0"
                  target="_blank"
                >
                  <span
                    class="MuiButton-label"
                  >
                    Pilot Review
                  </span>
                  <span
                    class="MuiTouchRipple-root"
                  />
                </a>
              </td>
            </tr>
            <tr
              class="MuiTableRow-root"
            >
              <td
                class="MuiTableCell-root MuiTableCell-body"
              >
                Anaconda
              </td>
              <td
                class="MuiTableCell-root MuiTableCell-body"
              >
                Falcon Delacy
              </td>
              <td
                class="MuiTableCell-root MuiTableCell-body"
              >
                <a
                  aria-disabled="false"
                  class="MuiButtonBase-root MuiButton-root MuiButton-contained MuiButton-containedSecondary"
                  href="https://www.youtube.com/watch?v=lCdbkzyJhas"
                  tabindex="0"
                  target="_blank"
                >
                  <span
                    class="MuiButton-label"
                  >
                    Pilot Review
                  </span>
                  <span
                    class="MuiTouchRipple-root"
                  />
                </a>
              </td>
            </tr>
            <tr
              class="MuiTableRow-root"
            >
              <td
                class="MuiTableCell-root MuiTableCell-body"
              >
                Asp Explorer
              </td>
              <td
                class="MuiTableCell-root MuiTableCell-body"
              >
                Lakon Spaceway
              </td>
              <td
                class="MuiTableCell-root MuiTableCell-body"
              >
                <a
                  aria-disabled="false"
                  class="MuiButtonBase-root MuiButton-root MuiButton-contained MuiButton-containedSecondary"
                  href="https://www.youtube.com/watch?v=v6D0aXjkQ8A"
                  tabindex="0"
                  target="_blank"
                >
                  <span
                    class="MuiButton-label"
                  >
                    Pilot Review
                  </span>
                  <span
                    class="MuiTouchRipple-root"
                  />
                </a>
              </td>
            </tr>
            <tr
              class="MuiTableRow-root"
            >
              <td
                class="MuiTableCell-root MuiTableCell-body"
              >
                Asp Scout
              </td>
              <td
                class="MuiTableCell-root MuiTableCell-body"
              >
                Lakon Spaceway
              </td>
              <td
                class="MuiTableCell-root MuiTableCell-body"
              >
                <a
                  aria-disabled="false"
                  class="MuiButtonBase-root MuiButton-root MuiButton-contained MuiButton-containedSecondary"
                  href="https://www.youtube.com/watch?v=ZSAZ4vyv9Ww"
                  tabindex="0"
                  target="_blank"
                >
                  <span
                    class="MuiButton-label"
                  >
                    Pilot Review
                  </span>
                  <span
                    class="MuiTouchRipple-root"
                  />
                </a>
              </td>
            </tr>
            <tr
              class="MuiTableRow-root"
            >
              <td
                class="MuiTableCell-root MuiTableCell-body"
              >
                Beluga Liner
              </td>
              <td
                class="MuiTableCell-root MuiTableCell-body"
              >
                Saud Kruger
              </td>
              <td
                class="MuiTableCell-root MuiTableCell-body"
              >
                <a
                  aria-disabled="false"
                  class="MuiButtonBase-root MuiButton-root MuiButton-contained MuiButton-containedSecondary"
                  href="https://www.youtube.com/watch?v=5KC68-muhIg"
                  tabindex="0"
                  target="_blank"
                >
                  <span
                    class="MuiButton-label"
                  >
                    Pilot Review
                  </span>
                  <span
                    class="MuiTouchRipple-root"
                  />
                </a>
              </td>
            </tr>
            <tr
              class="MuiTableRow-root"
            >
              <td
                class="MuiTableCell-root MuiTableCell-body"
              >
                Cobra Mk III
              </td>
              <td
                class="MuiTableCell-root MuiTableCell-body"
              >
                Falcon Delacy
              </td>
              <td
                class="MuiTableCell-root MuiTableCell-body"
              >
                <a
                  aria-disabled="false"
                  class="MuiButtonBase-root MuiButton-root MuiButton-contained MuiButton-containedSecondary"
                  href="https://www.youtube.com/watch?v=5jNIVw8xVnM"
                  tabindex="0"
                  target="_blank"
                >
                  <span
                    class="MuiButton-label"
                  >
                    Pilot Review
                  </span>
                  <span
                    class="MuiTouchRipple-root"
                  />
                </a>
              </td>
            </tr>
            <tr
              class="MuiTableRow-root"
            >
              <td
                class="MuiTableCell-root MuiTableCell-body"
              >
                Cobra Mk IV
              </td>
              <td
                class="MuiTableCell-root MuiTableCell-body"
              >
                Falcon Delacy
              </td>
              <td
                class="MuiTableCell-root MuiTableCell-body"
              >
                <a
                  aria-disabled="false"
                  class="MuiButtonBase-root MuiButton-root MuiButton-contained MuiButton-containedSecondary"
                  href="https://www.youtube.com/watch?v=QcoXjxf-Si8"
                  tabindex="0"
                  target="_blank"
                >
                  <span
                    class="MuiButton-label"
                  >
                    Pilot Review
                  </span>
                  <span
                    class="MuiTouchRipple-root"
                  />
                </a>
              </td>
            </tr>
            <tr
              class="MuiTableRow-root"
            >
              <td
                class="MuiTableCell-root MuiTableCell-body"
              >
                Diamondback Explorer (DBX)
              </td>
              <td
                class="MuiTableCell-root MuiTableCell-body"
              >
                Lakon Spaceway
              </td>
              <td
                class="MuiTableCell-root MuiTableCell-body"
              >
                <a
                  aria-disabled="false"
                  class="MuiButtonBase-root MuiButton-root MuiButton-contained MuiButton-containedSecondary"
                  href="https://www.youtube.com/watch?v=1XkAFcQ3YKk"
                  tabindex="0"
                  target="_blank"
                >
                  <span
                    class="MuiButton-label"
                  >
                    Pilot Review
                  </span>
                  <span
                    class="MuiTouchRipple-root"
                  />
                </a>
              </td>
            </tr>
            <tr
              class="MuiTableRow-root"
            >
              <td
                class="MuiTableCell-root MuiTableCell-body"
              >
                Diamondback Scout
              </td>
              <td
                class="MuiTableCell-root MuiTableCell-body"
              >
                Lakon Spaceway
              </td>
              <td
                class="MuiTableCell-root MuiTableCell-body"
              >
                <a
                  aria-disabled="false"
                  class="MuiButtonBase-root MuiButton-root MuiButton-contained MuiButton-containedSecondary"
                  href="https://www.youtube.com/watch?v=mR9IPElkV-0"
                  tabindex="0"
                  target="_blank"
                >
                  <span
                    class="MuiButton-label"
                  >
                    Pilot Review
                  </span>
                  <span
                    class="MuiTouchRipple-root"
                  />
                </a>
              </td>
            </tr>
            <tr
              class="MuiTableRow-root"
            >
              <td
                class="MuiTableCell-root MuiTableCell-body"
              >
                Dolphin
              </td>
              <td
                class="MuiTableCell-root MuiTableCell-body"
              >
                Saud Kruger
              </td>
              <td
                class="MuiTableCell-root MuiTableCell-body"
              >
                <a
                  aria-disabled="false"
                  class="MuiButtonBase-root MuiButton-root MuiButton-contained MuiButton-containedSecondary"
                  href="https://www.youtube.com/watch?v=V_pzt8v2YeA"
                  tabindex="0"
                  target="_blank"
                >
                  <span
                    class="MuiButton-label"
                  >
                    Pilot Review
                  </span>
                  <span
                    class="MuiTouchRipple-root"
                  />
                </a>
              </td>
            </tr>
            <tr
              class="MuiTableRow-root"
            >
              <td
                class="MuiTableCell-root MuiTableCell-body"
              >
                Eagle Mk II
              </td>
              <td
                class="MuiTableCell-root MuiTableCell-body"
              >
                Core Dynamics
              </td>
              <td
                class="MuiTableCell-root MuiTableCell-body"
              >
                <a
                  aria-disabled="false"
                  class="MuiButtonBase-root MuiButton-root MuiButton-contained MuiButton-containedSecondary"
                  href="https://www.youtube.com/watch?v=Hco80Bwp5aY"
                  tabindex="0"
                  target="_blank"
                >
                  <span
                    class="MuiButton-label"
                  >
                    Pilot Review
                  </span>
                  <span
                    class="MuiTouchRipple-root"
                  />
                </a>
              </td>
            </tr>
            <tr
              class="MuiTableRow-root"
            >
              <td
                class="MuiTableCell-root MuiTableCell-body"
              >
                Federal Assault Ship (FAS)
              </td>
              <td
                class="MuiTableCell-root MuiTableCell-body"
              >
                Core Dynamics
              </td>
              <td
                class="MuiTableCell-root MuiTableCell-body"
              >
                <a
                  aria-disabled="false"
                  class="MuiButtonBase-root MuiButton-root MuiButton-contained MuiButton-containedSecondary"
                  href="https://www.youtube.com/watch?v=eD-ZX63ryk8"
                  tabindex="0"
                  target="_blank"
                >
                  <span
                    class="MuiButton-label"
                  >
                    Pilot Review
                  </span>
                  <span
                    class="MuiTouchRipple-root"
                  />
                </a>
              </td>
            </tr>
            <tr
              class="MuiTableRow-root"
            >
              <td
                class="MuiTableCell-root MuiTableCell-body"
              >
                Federal Corvette
              </td>
              <td
                class="MuiTableCell-root MuiTableCell-body"
              >
                Core Dynamics
              </td>
              <td
                class="MuiTableCell-root MuiTableCell-body"
              >
                <a
                  aria-disabled="false"
                  class="MuiButtonBase-root MuiButton-root MuiButton-contained MuiButton-containedSecondary"
                  href="https://www.youtube.com/watch?v=VflbALuYeMI"
                  tabindex="0"
                  target="_blank"
                >
                  <span
                    class="MuiButton-label"
                  >
                    Pilot Review
                  </span>
                  <span
                    class="MuiTouchRipple-root"
                  />
                </a>
              </td>
            </tr>
            <tr
              class="MuiTableRow-root"
            >
              <td
                class="MuiTableCell-root MuiTableCell-body"
              >
                Federal Dropship
              </td>
              <td
                class="MuiTableCell-root MuiTableCell-body"
              >
                Core Dynamics
              </td>
              <td
                class="MuiTableCell-root MuiTableCell-body"
              >
                <a
                  aria-disabled="false"
                  class="MuiButtonBase-root MuiButton-root MuiButton-contained MuiButton-containedSecondary"
                  href="https://www.youtube.com/watch?v=I65NNMbSJFQ"
                  tabindex="0"
                  target="_blank"
                >
                  <span
                    class="MuiButton-label"
                  >
                    Pilot Review
                  </span>
                  <span
                    class="MuiTouchRipple-root"
                  />
                </a>
              </td>
            </tr>
            <tr
              class="MuiTableRow-root"
            >
              <td
                class="MuiTableCell-root MuiTableCell-body"
              >
                Federal Gunship
              </td>
              <td
                class="MuiTableCell-root MuiTableCell-body"
              >
                Core Dynamics
              </td>
              <td
                class="MuiTableCell-root MuiTableCell-body"
              >
                <a
                  aria-disabled="false"
                  class="MuiButtonBase-root MuiButton-root MuiButton-contained MuiButton-containedSecondary"
                  href="https://www.youtube.com/watch?v=gjZ9LLVkaqI"
                  tabindex="0"
                  target="_blank"
                >
                  <span
                    class="MuiButton-label"
                  >
                    Pilot Review
                  </span>
                  <span
                    class="MuiTouchRipple-root"
                  />
                </a>
              </td>
            </tr>
            <tr
              class="MuiTableRow-root"
            >
              <td
                class="MuiTableCell-root MuiTableCell-body"
              >
                Fer-de-lance
              </td>
              <td
                class="MuiTableCell-root MuiTableCell-body"
              >
                Zorgon Peterson
              </td>
              <td
                class="MuiTableCell-root MuiTableCell-body"
              >
                <a
                  aria-disabled="false"
                  class="MuiButtonBase-root MuiButton-root MuiButton-contained MuiButton-containedSecondary"
                  href="https://www.youtube.com/watch?v=IMaL4Bf6KSM"
                  tabindex="0"
                  target="_blank"
                >
                  <span
                    class="MuiButton-label"
                  >
                    Pilot Review
                  </span>
                  <span
                    class="MuiTouchRipple-root"
                  />
                </a>
              </td>
            </tr>
            <tr
              class="MuiTableRow-root"
            >
              <td
                class="MuiTableCell-root MuiTableCell-body"
              >
                Hauler
              </td>
              <td
                class="MuiTableCell-root MuiTableCell-body"
              >
                Zorgon Peterson
              </td>
              <td
                class="MuiTableCell-root MuiTableCell-body"
              >
                <a
                  aria-disabled="false"
                  class="MuiButtonBase-root MuiButton-root MuiButton-contained MuiButton-containedSecondary"
                  href="https://www.youtube.com/watch?v=VgOJsZltZag"
                  tabindex="0"
                  target="_blank"
                >
                  <span
                    class="MuiButton-label"
                  >
                    Pilot Review
                  </span>
                  <span
                    class="MuiTouchRipple-root"
                  />
                </a>
              </td>
            </tr>
            <tr
              class="MuiTableRow-root"
            >
              <td
                class="MuiTableCell-root MuiTableCell-body"
              >
                Imperial Clipper
              </td>
              <td
                class="MuiTableCell-root MuiTableCell-body"
              >
                Gutamaya
              </td>
              <td
                class="MuiTableCell-root MuiTableCell-body"
              >
                <a
                  aria-disabled="false"
                  class="MuiButtonBase-root MuiButton-root MuiButton-contained MuiButton-containedSecondary"
                  href="https://www.youtube.com/watch?v=B4eNWtlBELQ"
                  tabindex="0"
                  target="_blank"
                >
                  <span
                    class="MuiButton-label"
                  >
                    Pilot Review
                  </span>
                  <span
                    class="MuiTouchRipple-root"
                  />
                </a>
              </td>
            </tr>
            <tr
              class="MuiTableRow-root"
            >
              <td
                class="MuiTableCell-root MuiTableCell-body"
              >
                Imperial Courier
              </td>
              <td
                class="MuiTableCell-root MuiTableCell-body"
              >
                Gutamaya
              </td>
              <td
                class="MuiTableCell-root MuiTableCell-body"
              >
                <a
                  aria-disabled="false"
                  class="MuiButtonBase-root MuiButton-root MuiButton-contained MuiButton-containedSecondary"
                  href="https://www.youtube.com/watch?v=rbghWgQ26Ro"
                  tabindex="0"
                  target="_blank"
                >
                  <span
                    class="MuiButton-label"
                  >
                    Pilot Review
                  </span>
                  <span
                    class="MuiTouchRipple-root"
                  />
                </a>
              </td>
            </tr>
            <tr
              class="MuiTableRow-root"
            >
              <td
                class="MuiTableCell-root MuiTableCell-body"
              >
                Imperial Cutter
              </td>
              <td
                class="MuiTableCell-root MuiTableCell-body"
              >
                Gutamaya
              </td>
              <td
                class="MuiTableCell-root MuiTableCell-body"
              >
                <a
                  aria-disabled="false"
                  class="MuiButtonBase-root MuiButton-root MuiButton-contained MuiButton-containedSecondary"
                  href="https://www.youtube.com/watch?v=HSgg_Ne20LM"
                  tabindex="0"
                  target="_blank"
                >
                  <span
                    class="MuiButton-label"
                  >
                    Pilot Review
                  </span>
                  <span
                    class="MuiTouchRipple-root"
                  />
                </a>
              </td>
            </tr>
            <tr
              class="MuiTableRow-root"
            >
              <td
                class="MuiTableCell-root MuiTableCell-body"
              >
                Imperial Eagle
              </td>
              <td
                class="MuiTableCell-root MuiTableCell-body"
              >
                Gutamaya
              </td>
              <td
                class="MuiTableCell-root MuiTableCell-body"
              >
                <a
                  aria-disabled="false"
                  class="MuiButtonBase-root MuiButton-root MuiButton-contained MuiButton-containedSecondary"
                  href="https://www.youtube.com/watch?v=7x_LUflCTF8"
                  tabindex="0"
                  target="_blank"
                >
                  <span
                    class="MuiButton-label"
                  >
                    Pilot Review
                  </span>
                  <span
                    class="MuiTouchRipple-root"
                  />
                </a>
              </td>
            </tr>
            <tr
              class="MuiTableRow-root"
            >
              <td
                class="MuiTableCell-root MuiTableCell-body"
              >
                Keelback
              </td>
              <td
                class="MuiTableCell-root MuiTableCell-body"
              >
                Lakon Spaceway
              </td>
              <td
                class="MuiTableCell-root MuiTableCell-body"
              >
                <a
                  aria-disabled="false"
                  class="MuiButtonBase-root MuiButton-root MuiButton-contained MuiButton-containedSecondary"
                  href="https://www.youtube.com/watch?v=WFVzSKjhGfc"
                  tabindex="0"
                  target="_blank"
                >
                  <span
                    class="MuiButton-label"
                  >
                    Pilot Review
                  </span>
                  <span
                    class="MuiTouchRipple-root"
                  />
                </a>
              </td>
            </tr>
            <tr
              class="MuiTableRow-root"
            >
              <td
                class="MuiTableCell-root MuiTableCell-body"
              >
                Krait Mk II
              </td>
              <td
                class="MuiTableCell-root MuiTableCell-body"
              >
                Falcon Delacy
              </td>
              <td
                class="MuiTableCell-root MuiTableCell-body"
              >
                <a
                  aria-disabled="false"
                  class="MuiButtonBase-root MuiButton-root MuiButton-contained MuiButton-containedSecondary"
                  href="https://www.youtube.com/watch?v=Rl9Sg600Jww"
                  tabindex="0"
                  target="_blank"
                >
                  <span
                    class="MuiButton-label"
                  >
                    Pilot Review
                  </span>
                  <span
                    class="MuiTouchRipple-root"
                  />
                </a>
              </td>
            </tr>
            <tr
              class="MuiTableRow-root"
            >
              <td
                class="MuiTableCell-root MuiTableCell-body"
              >
                Krait Phantom
              </td>
              <td
                class="MuiTableCell-root MuiTableCell-body"
              >
                Falcon Delacy
              </td>
              <td
                class="MuiTableCell-root MuiTableCell-body"
              >
                <a
                  aria-disabled="false"
                  class="MuiButtonBase-root MuiButton-root MuiButton-contained MuiButton-containedSecondary"
                  href="https://www.youtube.com/watch?v=aLgYskzDU5o"
                  tabindex="0"
                  target="_blank"
                >
                  <span
                    class="MuiButton-label"
                  >
                    Pilot Review
                  </span>
                  <span
                    class="MuiTouchRipple-root"
                  />
                </a>
              </td>
            </tr>
            <tr
              class="MuiTableRow-root"
            >
              <td
                class="MuiTableCell-root MuiTableCell-body"
              >
                Mamba
              </td>
              <td
                class="MuiTableCell-root MuiTableCell-body"
              >
                Zorgon Peterson
              </td>
              <td
                class="MuiTableCell-root MuiTableCell-body"
              >
                <a
                  aria-disabled="false"
                  class="MuiButtonBase-root MuiButton-root MuiButton-contained MuiButton-containedSecondary"
                  href="https://www.youtube.com/watch?v=oCmC2jzRPBo"
                  tabindex="0"
                  target="_blank"
                >
                  <span
                    class="MuiButton-label"
                  >
                    Pilot Review
                  </span>
                  <span
                    class="MuiTouchRipple-root"
                  />
                </a>
              </td>
            </tr>
            <tr
              class="MuiTableRow-root"
            >
              <td
                class="MuiTableCell-root MuiTableCell-body"
              >
                Orca
              </td>
              <td
                class="MuiTableCell-root MuiTableCell-body"
              >
                Saud Kruger
              </td>
              <td
                class="MuiTableCell-root MuiTableCell-body"
              >
                <a
                  aria-disabled="false"
                  class="MuiButtonBase-root MuiButton-root MuiButton-contained MuiButton-containedSecondary"
                  href="https://www.youtube.com/watch?v=9v0RlaMNT5E"
                  tabindex="0"
                  target="_blank"
                >
                  <span
                    class="MuiButton-label"
                  >
                    Pilot Review
                  </span>
                  <span
                    class="MuiTouchRipple-root"
                  />
                </a>
              </td>
            </tr>
            <tr
              class="MuiTableRow-root"
            >
              <td
                class="MuiTableCell-root MuiTableCell-body"
              >
                Python
              </td>
              <td
                class="MuiTableCell-root MuiTableCell-body"
              >
                Falcon Delacy
              </td>
              <td
                class="MuiTableCell-root MuiTableCell-body"
              >
                <a
                  aria-disabled="false"
                  class="MuiButtonBase-root MuiButton-root MuiButton-contained MuiButton-containedSecondary"
                  href="https://www.youtube.com/watch?v=rb5VtSU17DY"
                  tabindex="0"
                  target="_blank"
                >
                  <span
                    class="MuiButton-label"
                  >
                    Pilot Review
                  </span>
                  <span
                    class="MuiTouchRipple-root"
                  />
                </a>
              </td>
            </tr>
            <tr
              class="MuiTableRow-root"
            >
              <td
                class="MuiTableCell-root MuiTableCell-body"
              >
                Sidewinder
              </td>
              <td
                class="MuiTableCell-root MuiTableCell-body"
              >
                Falcon Delacy
              </td>
              <td
                class="MuiTableCell-root MuiTableCell-body"
              >
                <a
                  aria-disabled="false"
                  class="MuiButtonBase-root MuiButton-root MuiButton-contained MuiButton-containedSecondary"
                  href="https://www.youtube.com/watch?v=us8Py8q9LPY"
                  tabindex="0"
                  target="_blank"
                >
                  <span
                    class="MuiButton-label"
                  >
                    Pilot Review
                  </span>
                  <span
                    class="MuiTouchRipple-root"
                  />
                </a>
              </td>
            </tr>
            <tr
              class="MuiTableRow-root"
            >
              <td
                class="MuiTableCell-root MuiTableCell-body"
              >
                Type-10 Defender
              </td>
              <td
                class="MuiTableCell-root MuiTableCell-body"
              >
                Lakon Spaceway
              </td>
              <td
                class="MuiTableCell-root MuiTableCell-body"
              >
                <a
                  aria-disabled="false"
                  class="MuiButtonBase-root MuiButton-root MuiButton-contained MuiButton-containedSecondary"
                  href="https://www.youtube.com/watch?v=Y4drJDk-7As"
                  tabindex="0"
                  target="_blank"
                >
                  <span
                    class="MuiButton-label"
                  >
                    Pilot Review
                  </span>
                  <span
                    class="MuiTouchRipple-root"
                  />
                </a>
              </td>
            </tr>
            <tr
              class="MuiTableRow-root"
            >
              <td
                class="MuiTableCell-root MuiTableCell-body"
              >
                Type-6 Transporter
              </td>
              <td
                class="MuiTableCell-root MuiTableCell-body"
              >
                Lakon Spaceway
              </td>
              <td
                class="MuiTableCell-root MuiTableCell-body"
              >
                <a
                  aria-disabled="false"
                  class="MuiButtonBase-root MuiButton-root MuiButton-contained MuiButton-containedSecondary"
                  href="https://www.youtube.com/watch?v=dA7iXfzvD0A"
                  tabindex="0"
                  target="_blank"
                >
                  <span
                    class="MuiButton-label"
                  >
                    Pilot Review
                  </span>
                  <span
                    class="MuiTouchRipple-root"
                  />
                </a>
              </td>
            </tr>
            <tr
              class="MuiTableRow-root"
            >
              <td
                class="MuiTableCell-root MuiTableCell-body"
              >
                Type-7 Transporter
              </td>
              <td
                class="MuiTableCell-root MuiTableCell-body"
              >
                Lakon Spaceway
              </td>
              <td
                class="MuiTableCell-root MuiTableCell-body"
              >
                <a
                  aria-disabled="false"
                  class="MuiButtonBase-root MuiButton-root MuiButton-contained MuiButton-containedSecondary"
                  href="https://www.youtube.com/watch?v=TaSUc12ZiiU"
                  tabindex="0"
                  target="_blank"
                >
                  <span
                    class="MuiButton-label"
                  >
                    Pilot Review
                  </span>
                  <span
                    class="MuiTouchRipple-root"
                  />
                </a>
              </td>
            </tr>
            <tr
              class="MuiTableRow-root"
            >
              <td
                class="MuiTableCell-root MuiTableCell-body"
              >
                Type-9 Heavy
              </td>
              <td
                class="MuiTableCell-root MuiTableCell-body"
              >
                Lakon Spaceway
              </td>
              <td
                class="MuiTableCell-root MuiTableCell-body"
              >
                <a
                  aria-disabled="false"
                  class="MuiButtonBase-root MuiButton-root MuiButton-contained MuiButton-containedSecondary"
                  href="https://www.youtube.com/watch?v=GTflMKCtOak"
                  tabindex="0"
                  target="_blank"
                >
                  <span
                    class="MuiButton-label"
                  >
                    Pilot Review
                  </span>
                  <span
                    class="MuiTouchRipple-root"
                  />
                </a>
              </td>
            </tr>
            <tr
              class="MuiTableRow-root"
            >
              <td
                class="MuiTableCell-root MuiTableCell-body"
              >
                Viper Mk III
              </td>
              <td
                class="MuiTableCell-root MuiTableCell-body"
              >
                Falcon Delacy
              </td>
              <td
                class="MuiTableCell-root MuiTableCell-body"
              >
                <a
                  aria-disabled="false"
                  class="MuiButtonBase-root MuiButton-root MuiButton-contained MuiButton-containedSecondary"
                  href="https://www.youtube.com/watch?v=P-6y2oa2RD0"
                  tabindex="0"
                  target="_blank"
                >
                  <span
                    class="MuiButton-label"
                  >
                    Pilot Review
                  </span>
                  <span
                    class="MuiTouchRipple-root"
                  />
                </a>
              </td>
            </tr>
            <tr
              class="MuiTableRow-root"
            >
              <td
                class="MuiTableCell-root MuiTableCell-body"
              >
                Viper Mk IV
              </td>
              <td
                class="MuiTableCell-root MuiTableCell-body"
              >
                Falcon Delacy
              </td>
              <td
                class="MuiTableCell-root MuiTableCell-body"
              >
                <a
                  aria-disabled="false"
                  class="MuiButtonBase-root MuiButton-root MuiButton-contained MuiButton-containedSecondary"
                  href="https://www.youtube.com/watch?v=nhgbzUC7XNM"
                  tabindex="0"
                  target="_blank"
                >
                  <span
                    class="MuiButton-label"
                  >
                    Pilot Review
                  </span>
                  <span
                    class="MuiTouchRipple-root"
                  />
                </a>
              </td>
            </tr>
            <tr
              class="MuiTableRow-root"
            >
              <td
                class="MuiTableCell-root MuiTableCell-body"
              >
                Vulture
              </td>
              <td
                class="MuiTableCell-root MuiTableCell-body"
              >
                Core Dynamics
              </td>
              <td
                class="MuiTableCell-root MuiTableCell-body"
              >
                <a
                  aria-disabled="false"
                  class="MuiButtonBase-root MuiButton-root MuiButton-contained MuiButton-containedSecondary"
                  href="https://www.youtube.com/watch?v=lfcpY1RDY7I"
                  tabindex="0"
                  target="_blank"
                >
                  <span
                    class="MuiButton-label"
                  >
                    Pilot Review
                  </span>
                  <span
                    class="MuiTouchRipple-root"
                  />
                </a>
              </td>
            </tr>
          </tbody>
        </table>
      </div>
    </div>
  </div>
</body>
`;
